6: RetType ->  VOID
7: Formals -> epsilon
30: Type -> INT
15: Statement -> Type ID SC
12: Statements -> Statement
30: Type -> INT
37: Exp -> NUM
16: Statement -> Type ID ASSIGN Exp SC
13: Statements -> Statements Statement
40: Exp -> TRUE
37: Exp -> NUM
17: Statement -> ID ASSIGN Exp SC
37: Exp -> NUM
28: ExpList -> Exp
26: Call -> ID LPAREN ExpList RPAREN
18: Statement -> Call SC
22: Statement -> IF LPAREN Exp RPAREN Statement ELSE Statement
13: Statements -> Statements Statement
35: Exp -> ID
35: Exp -> ID
37: Exp -> NUM
17: Statement -> ID ASSIGN Exp SC
37: Exp -> NUM
28: ExpList -> Exp
26: Call -> ID LPAREN ExpList RPAREN
18: Statement -> Call SC
22: Statement -> IF LPAREN Exp RPAREN Statement ELSE Statement
21: Statement -> IF LPAREN Exp RPAREN Statement
13: Statements -> Statements Statement
37: Exp -> NUM
37: Exp -> NUM
45: Exp -> Exp RELOP Exp
40: Exp -> TRUE
35: Exp -> ID
17: Statement -> ID ASSIGN Exp SC
21: Statement -> IF LPAREN Exp RPAREN Statement
12: Statements -> Statement
14: Statement -> LBRACE Statements RBRACE
21: Statement -> IF LPAREN Exp RPAREN Statement
13: Statements -> Statements Statement
35: Exp -> ID
35: Exp -> ID
35: Exp -> ID
28: ExpList -> Exp
26: Call -> ID LPAREN ExpList RPAREN
18: Statement -> Call SC
35: Exp -> ID
17: Statement -> ID ASSIGN Exp SC
22: Statement -> IF LPAREN Exp RPAREN Statement ELSE Statement
21: Statement -> IF LPAREN Exp RPAREN Statement
13: Statements -> Statements Statement
35: Exp -> ID
35: Exp -> ID
37: Exp -> NUM
28: ExpList -> Exp
26: Call -> ID LPAREN ExpList RPAREN
18: Statement -> Call SC
12: Statements -> Statement
14: Statement -> LBRACE Statements RBRACE
35: Exp -> ID
17: Statement -> ID ASSIGN Exp SC
12: Statements -> Statement
14: Statement -> LBRACE Statements RBRACE
22: Statement -> IF LPAREN Exp RPAREN Statement ELSE Statement
12: Statements -> Statement
14: Statement -> LBRACE Statements RBRACE
21: Statement -> IF LPAREN Exp RPAREN Statement
13: Statements -> Statements Statement
4: FuncDecl -> RetType ID LPAREN Formals RPAREN LBRACE Statements RBRACE
2: Funcs -> epsilon
3: Funcs -> FuncDecl Funcs
1: Program -> Funcs
