30: Type -> INT
5: RetType -> Type
7: Formals -> epsilon
37: Exp -> NUM
37: Exp -> NUM
45: Exp -> Exp RELOP Exp
30: Type -> INT
37: Exp -> NUM
16: Statement -> Type ID ASSIGN Exp SC
12: Statements -> Statement
35: Exp -> ID
37: Exp -> NUM
45: Exp -> Exp RELOP Exp
24: Statement -> BREAK SC
21: Statement -> IF LPAREN Exp RPAREN Statement
13: Statements -> Statements Statement
30: Type -> INT
37: Exp -> NUM
16: Statement -> Type ID ASSIGN Exp SC
13: Statements -> Statements Statement
35: Exp -> ID
37: Exp -> NUM
45: Exp -> Exp RELOP Exp
25: Statement -> CONTINUE SC
21: Statement -> IF LPAREN Exp RPAREN Statement
13: Statements -> Statements Statement
35: Exp -> ID
37: Exp -> NUM
45: Exp -> Exp RELOP Exp
24: Statement -> BREAK SC
12: Statements -> Statement
14: Statement -> LBRACE Statements RBRACE
23: Statement -> WHILE LPAREN Exp RPAREN Statement
13: Statements -> Statements Statement
24: Statement -> BREAK SC
13: Statements -> Statements Statement
14: Statement -> LBRACE Statements RBRACE
23: Statement -> WHILE LPAREN Exp RPAREN Statement
12: Statements -> Statement
4: FuncDecl -> RetType ID LPAREN Formals RPAREN LBRACE Statements RBRACE
30: Type -> INT
5: RetType -> Type
7: Formals -> epsilon
37: Exp -> NUM
37: Exp -> NUM
45: Exp -> Exp RELOP Exp
30: Type -> INT
37: Exp -> NUM
16: Statement -> Type ID ASSIGN Exp SC
12: Statements -> Statement
35: Exp -> ID
37: Exp -> NUM
45: Exp -> Exp RELOP Exp
24: Statement -> BREAK SC
21: Statement -> IF LPAREN Exp RPAREN Statement
13: Statements -> Statements Statement
30: Type -> INT
37: Exp -> NUM
16: Statement -> Type ID ASSIGN Exp SC
13: Statements -> Statements Statement
35: Exp -> ID
37: Exp -> NUM
45: Exp -> Exp RELOP Exp
25: Statement -> CONTINUE SC
21: Statement -> IF LPAREN Exp RPAREN Statement
13: Statements -> Statements Statement
35: Exp -> ID
37: Exp -> NUM
45: Exp -> Exp RELOP Exp
24: Statement -> BREAK SC
12: Statements -> Statement
14: Statement -> LBRACE Statements RBRACE
23: Statement -> WHILE LPAREN Exp RPAREN Statement
13: Statements -> Statements Statement
14: Statement -> LBRACE Statements RBRACE
23: Statement -> WHILE LPAREN Exp RPAREN Statement
12: Statements -> Statement
24: Statement -> BREAK SC
13: Statements -> Statements Statement
4: FuncDecl -> RetType ID LPAREN Formals RPAREN LBRACE Statements RBRACE
6: RetType ->  VOID
7: Formals -> epsilon
30: Type -> INT
27: Call -> ID LPAREN RPAREN
36: Exp -> Call
16: Statement -> Type ID ASSIGN Exp SC
12: Statements -> Statement
30: Type -> INT
27: Call -> ID LPAREN RPAREN
36: Exp -> Call
16: Statement -> Type ID ASSIGN Exp SC
13: Statements -> Statements Statement
4: FuncDecl -> RetType ID LPAREN Formals RPAREN LBRACE Statements RBRACE
2: Funcs -> epsilon
3: Funcs -> FuncDecl Funcs
3: Funcs -> FuncDecl Funcs
3: Funcs -> FuncDecl Funcs
1: Program -> Funcs
