6: RetType ->  VOID
7: Formals -> epsilon
35: Exp -> ID
35: Exp -> ID
37: Exp -> NUM
28: ExpList -> Exp
26: Call -> ID LPAREN ExpList RPAREN
18: Statement -> Call SC
12: Statements -> Statement
14: Statement -> LBRACE Statements RBRACE
35: Exp -> ID
17: Statement -> ID ASSIGN Exp SC
12: Statements -> Statement
14: Statement -> LBRACE Statements RBRACE
22: Statement -> IF LPAREN Exp RPAREN Statement ELSE Statement
12: Statements -> Statement
14: Statement -> LBRACE Statements RBRACE
21: Statement -> IF LPAREN Exp RPAREN Statement
12: Statements -> Statement
4: FuncDecl -> RetType ID LPAREN Formals RPAREN LBRACE Statements RBRACE
2: Funcs -> epsilon
3: Funcs -> FuncDecl Funcs
1: Program -> Funcs
