2: Funcs -> epsilon
1: Program -> Funcs
line 2: syntax error
